C:\Users\vivek\AppData\Local\Packages\PythonSoftwareFoundation.Python.3.13_qbz5n2kfra8p0\LocalCache\local-packages\Python313\site-packages\django\core\cache\backends\base.py:119: CacheKeyWarning: Cache key will cause errors if used with memcached: ':1:external_json_timeout_v1::httpsapirule34xxxindexphp::api_key-2842483317e24ce7a800f441dee4729b8d159e28f39a19a750813dced3feaa3191c0fac3c035fbf576ce45a0a1f8649a2d567795b4c24e671fc01dd23fed2a0e-json-1-limit-8-page-dapi-q-index-s-post-user_id-6398556::5' (longer than 250)
  warnings.warn(warning, CacheKeyWarning)
C:\Chatdora Code\Free Movie\freemovie\main_app\views.py:2099: MarkupResemblesLocatorWarning: The input passed in on this line looks more like a URL than HTML or XML.

If you meant to use Beautiful Soup to parse the web page found at a certain URL, then something has gone wrong. You should use an Python package like 'requests' to fetch the content behind the URL. Once you have the content as a string, you can feed that string into Beautiful Soup.

However, if you want to parse some data that happens to look like a URL, then nothing has gone wrong: you are using Beautiful Soup correctly, and this warning is spurious and can be filtered. To make this warning go away, run this code before calling the BeautifulSoup constructor:

    from bs4 import MarkupResemblesLocatorWarning
    import warnings

    warnings.filterwarnings("ignore", category=MarkupResemblesLocatorWarning)
    
  soup = BeautifulSoup(str(value), "html.parser")
C:\Users\vivek\AppData\Local\Packages\PythonSoftwareFoundation.Python.3.13_qbz5n2kfra8p0\LocalCache\local-packages\Python313\site-packages\django\core\cache\backends\base.py:119: CacheKeyWarning: Cache key will cause errors if used with memcached: ':1:external_json_timeout_v1::httpsapirule34xxxindexphp::api_key-2842483317e24ce7a800f441dee4729b8d159e28f39a19a750813dced3feaa3191c0fac3c035fbf576ce45a0a1f8649a2d567795b4c24e671fc01dd23fed2a0e-json-1-limit-12-page-dapi-pid-0-q-index-s-post-user_id-6398556::5' (longer than 250)
  warnings.warn(warning, CacheKeyWarning)
C:\Users\vivek\AppData\Local\Packages\PythonSoftwareFoundation.Python.3.13_qbz5n2kfra8p0\LocalCache\local-packages\Python313\site-packages\django\core\cache\backends\base.py:119: CacheKeyWarning: Cache key will cause errors if used with memcached: ':1:title_detail_payload_v8::anime::mushoku-tensei-jobless-reincarnation-season-3::blank::59193::178789::blank::blank::blank::anilist::blank::backdrop-external_label-external_url-plot-poster-rating-stream_url-tags-title-mushoku-tensei-jobless-reincarnation-season-3-year' (longer than 250)
  warnings.warn(warning, CacheKeyWarning)
C:\Users\vivek\AppData\Local\Packages\PythonSoftwareFoundation.Python.3.13_qbz5n2kfra8p0\LocalCache\local-packages\Python313\site-packages\django\core\cache\backends\base.py:119: CacheKeyWarning: Cache key will cause errors if used with memcached: ':1:title_detail_payload_v8::anime::you-and-i-are-polar-opposites-season-2::blank::63832::210031::blank::blank::blank::anilist::blank::backdrop-external_label-external_url-plot-poster-rating-stream_url-tags-title-you-and-i-are-polar-opposites-season-2-year' (longer than 250)
  warnings.warn(warning, CacheKeyWarning)
C:\Users\vivek\AppData\Local\Packages\PythonSoftwareFoundation.Python.3.13_qbz5n2kfra8p0\LocalCache\local-packages\Python313\site-packages\django\core\cache\backends\base.py:119: CacheKeyWarning: Cache key will cause errors if used with memcached: ':1:title_detail_payload_v8::anime::that-time-i-got-reincarnated-as-a-slime-season-4::blank::59970::182205::blank::blank::blank::anilist::blank::backdrop-external_label-external_url-plot-poster-rating-stream_url-tags-title-that-time-i-got-reincarnated-as-a-slime-season-4-year' (longer than 250)
  warnings.warn(warning, CacheKeyWarning)
C:\Users\vivek\AppData\Local\Packages\PythonSoftwareFoundation.Python.3.13_qbz5n2kfra8p0\LocalCache\local-packages\Python313\site-packages\django\core\cache\backends\base.py:119: CacheKeyWarning: Cache key will cause errors if used with memcached: ':1:title_detail_payload_v8::anime::bleach-thousand-year-blood-war-the-calamity::blank::60636::185874::blank::blank::blank::anilist::blank::backdrop-external_label-external_url-plot-poster-rating-stream_url-tags-title-bleach-thousand-year-blood-war-the-calamity-year' (longer than 250)
  warnings.warn(warning, CacheKeyWarning)
C:\Users\vivek\AppData\Local\Packages\PythonSoftwareFoundation.Python.3.13_qbz5n2kfra8p0\LocalCache\local-packages\Python313\site-packages\django\core\cache\backends\base.py:119: CacheKeyWarning: Cache key will cause errors if used with memcached: ':1:title_detail_payload_v8::movie::batman-knightfall-part-1-knightfall::tt32333324::blank::blank::1560520::blank::blank::tmdb::blank::backdrop-external_label-external_url-plot-poster-rating-stream_url-tags-title-batman-knightfall-part-1-knightfall-year' (longer than 250)
  warnings.warn(warning, CacheKeyWarning)
C:\Users\vivek\AppData\Local\Packages\PythonSoftwareFoundation.Python.3.13_qbz5n2kfra8p0\LocalCache\local-packages\Python313\site-packages\django\core\cache\backends\base.py:119: CacheKeyWarning: Cache key will cause errors if used with memcached: ':1:title_detail_payload_v8::movie::demon-slayer-kimetsu-no-yaiba-infinity-castle::tt32820897::blank::blank::1311031::blank::blank::tmdb::blank::backdrop-external_label-external_url-plot-poster-rating-stream_url-tags-title-demon-slayer-kimetsu-no-yaiba-infinity-castle-year' (longer than 250)
  warnings.warn(warning, CacheKeyWarning)
C:\Users\vivek\AppData\Local\Packages\PythonSoftwareFoundation.Python.3.13_qbz5n2kfra8p0\LocalCache\local-packages\Python313\site-packages\django\core\cache\backends\base.py:119: CacheKeyWarning: Cache key will cause errors if used with memcached: ':1:title_detail_payload_v8::manga::sono-bisque-doll-wa-koi-o-suru::blank::blank::blank::blank::blank::aa6c76f7-5f5f-46b6-a800-911145f81b9b::mangadex::blank::backdrop-external_label-external_url-plot-poster-rating-stream_url-tags-title-sono-bisque-doll-wa-koi-o-suru-year' (longer than 250)
  warnings.warn(warning, CacheKeyWarning)
C:\Users\vivek\AppData\Local\Packages\PythonSoftwareFoundation.Python.3.13_qbz5n2kfra8p0\LocalCache\local-packages\Python313\site-packages\django\core\cache\backends\base.py:119: CacheKeyWarning: Cache key will cause errors if used with memcached: ':1:title_detail_payload_v8::manga::kage-no-jitsuryokusha-ni-naritakute::blank::blank::blank::blank::blank::77bee52c-d2d6-44ad-a33a-1734c1fe696a::mangadex::blank::backdrop-external_label-external_url-plot-poster-rating-stream_url-tags-title-kage-no-jitsuryokusha-ni-naritakute-year' (longer than 250)
  warnings.warn(warning, CacheKeyWarning)
C:\Users\vivek\AppData\Local\Packages\PythonSoftwareFoundation.Python.3.13_qbz5n2kfra8p0\LocalCache\local-packages\Python313\site-packages\django\core\cache\backends\base.py:119: CacheKeyWarning: Cache key will cause errors if used with memcached: ':1:title_detail_payload_v8::manga::tensei-shitara-slime-datta-ken::blank::blank::blank::blank::blank::e78a489b-6632-4d61-b00b-5206f5b8b22b::mangadex::blank::backdrop-external_label-external_url-plot-poster-rating-stream_url-tags-title-tensei-shitara-slime-datta-ken-year' (longer than 250)
  warnings.warn(warning, CacheKeyWarning)
